0 verbose cli /Users/raffimedz/.nvm/versions/node/v22.19.0/bin/node /Users/raffimedz/.nvm/versions/node/v22.19.0/bin/npm
1 info using npm@11.11.1
2 info using node@v22.19.0
3 silly config load:file:/Users/raffimedz/.nvm/versions/node/v22.19.0/lib/node_modules/npm/npmrc
4 silly config load:file:/Users/raffimedz/Desktop/Raffi/afterschool/hemsidor/ALNAHRAYN_Fisk_Iraqi_Fire_Edition/.npmrc
5 silly config load:file:/Users/raffimedz/.npmrc
6 silly config load:file:/Users/raffimedz/.nvm/versions/node/v22.19.0/etc/npmrc
7 verbose title npm install npm run dev
8 verbose argv "install" "npm" "run" "dev"
9 verbose logfile logs-max:10 dir:/Users/raffimedz/Desktop/Raffi/afterschool/hemsidor/ALNAHRAYN_Fisk_Iraqi_Fire_Edition/frontend/.sites-runtime/npm-cache/_logs/2026-08-29T10_28_07_102Z-
10 verbose logfile /Users/raffimedz/Desktop/Raffi/afterschool/hemsidor/ALNAHRAYN_Fisk_Iraqi_Fire_Edition/frontend/.sites-runtime/npm-cache/_logs/2026-08-29T10_28_07_102Z-debug-0.log
11 silly logfile done cleaning log files
12 silly packumentCache heap:4345298944 maxSize:1086324736 maxEntrySize:543162368
13 silly idealTree buildDeps
14 silly fetch manifest npm@*
15 silly packumentCache full:https://registry.npmjs.org/npm cache-miss
16 verbose shrinkwrap failed to load node_modules/.package-lock.json missing from lockfile: node_modules/acorn-import-phases
17 http fetch GET 200 https://registry.npmjs.org/npm 2009ms (cache miss)
18 silly packumentCache full:https://registry.npmjs.org/npm set size:undefined disposed:false
19 silly fetch manifest run@*
20 silly packumentCache full:https://registry.npmjs.org/run cache-miss
21 http fetch GET 200 https://registry.npmjs.org/run 377ms (cache miss)
22 silly packumentCache full:https://registry.npmjs.org/run set size:undefined disposed:false
23 silly fetch manifest dev@*
24 silly packumentCache full:https://registry.npmjs.org/dev cache-miss
25 http fetch GET 200 https://registry.npmjs.org/dev 54ms (cache miss)
26 silly packumentCache full:https://registry.npmjs.org/dev set size:undefined disposed:false
27 silly placeDep ROOT dev@0.1.5 OK for: alnahrayn-fisk-iraqi@0.1.0 want: *
28 silly placeDep ROOT npm@11.19.1 OK for: alnahrayn-fisk-iraqi@0.1.0 want: *
29 silly placeDep ROOT run@2.0.3 OK for: alnahrayn-fisk-iraqi@0.1.0 want: *
30 silly fetch manifest inotify@>= 0.1.6
31 silly packumentCache full:https://registry.npmjs.org/inotify cache-miss
32 http fetch GET 200 https://registry.npmjs.org/inotify 272ms (cache miss)
33 silly packumentCache full:https://registry.npmjs.org/inotify set size:undefined disposed:false
34 silly placeDep ROOT inotify@1.4.6 OK for: dev@0.1.5 want: >= 0.1.6
35 silly fetch manifest bindings@^1.3.1
36 silly packumentCache full:https://registry.npmjs.org/bindings cache-miss
37 silly fetch manifest nan@^2.12.1
38 silly packumentCache full:https://registry.npmjs.org/nan cache-miss
39 http fetch GET 200 https://registry.npmjs.org/bindings 56ms (cache miss)
40 silly packumentCache full:https://registry.npmjs.org/bindings set size:undefined disposed:false
41 http fetch GET 200 https://registry.npmjs.org/nan 224ms (cache miss)
42 silly packumentCache full:https://registry.npmjs.org/nan set size:undefined disposed:false
43 silly placeDep ROOT bindings@1.5.0 OK for: inotify@1.4.6 want: ^1.3.1
44 silly placeDep ROOT nan@2.28.0 OK for: inotify@1.4.6 want: ^2.12.1
45 silly fetch manifest file-uri-to-path@1.0.0
46 silly packumentCache full:https://registry.npmjs.org/file-uri-to-path cache-miss
47 http fetch GET 200 https://registry.npmjs.org/file-uri-to-path 58ms (cache miss)
48 silly packumentCache full:https://registry.npmjs.org/file-uri-to-path set size:undefined disposed:false
49 silly placeDep ROOT file-uri-to-path@1.0.0 OK for: bindings@1.5.0 want: 1.0.0
50 verbose stack Error: Unsupported platform
50 verbose stack     at checkPlatform (/Users/raffimedz/.nvm/versions/node/v22.19.0/lib/node_modules/npm/node_modules/npm-install-checks/lib/index.js:42:25)
50 verbose stack     at #checkEngineAndPlatform (/Users/raffimedz/.nvm/versions/node/v22.19.0/lib/node_modules/npm/node_modules/@npmcli/arborist/lib/arborist/build-ideal-tree.js:203:9)
50 verbose stack     at Arborist.buildIdealTree (/Users/raffimedz/.nvm/versions/node/v22.19.0/lib/node_modules/npm/node_modules/@npmcli/arborist/lib/arborist/build-ideal-tree.js:173:41)
50 verbose stack     at async Promise.all (index 1)
50 verbose stack     at async Arborist.reify (/Users/raffimedz/.nvm/versions/node/v22.19.0/lib/node_modules/npm/node_modules/@npmcli/arborist/lib/arborist/reify.js:111:5)
50 verbose stack     at async Install.exec (/Users/raffimedz/.nvm/versions/node/v22.19.0/lib/node_modules/npm/lib/commands/install.js:146:5)
50 verbose stack     at async Npm.exec (/Users/raffimedz/.nvm/versions/node/v22.19.0/lib/node_modules/npm/lib/npm.js:193:9)
50 verbose stack     at async module.exports (/Users/raffimedz/.nvm/versions/node/v22.19.0/lib/node_modules/npm/lib/cli/entry.js:67:5)
51 verbose pkgid inotify@1.4.6
52 error code EBADPLATFORM
53 error notsup Unsupported platform for inotify@1.4.6: wanted {"os":"linux"} (current: {"os":"darwin"})
54 error notsup Valid os:  linux
54 error notsup Actual os: darwin
55 silly unfinished npm timer reify 1787999287357
56 silly unfinished npm timer reify:loadTrees 1787999287359
57 verbose cwd /Users/raffimedz/Desktop/Raffi/afterschool/hemsidor/ALNAHRAYN_Fisk_Iraqi_Fire_Edition/frontend
58 verbose os Darwin 25.5.0
59 verbose node v22.19.0
60 verbose npm  v11.11.1
61 verbose exit 1
62 verbose code 1
63 error A complete log of this run can be found in: /Users/raffimedz/Desktop/Raffi/afterschool/hemsidor/ALNAHRAYN_Fisk_Iraqi_Fire_Edition/frontend/.sites-runtime/npm-cache/_logs/2026-08-29T10_28_07_102Z-debug-0.log
